99.230.244.80 - - [09/Nov/2019:03:43:45 +0000] "GET /workers HTTP/1.1" 200 106734 "http://54.166.77.239:5000/workers" "Mozilla/5.0 (Macintosh; Intel Mac OS X 10_15_1) AppleWebKit/537.36 (KHTML, like Gecko) Chrome/78.0.3904.70 Safari/537.36"
99.230.244.80 - - [09/Nov/2019:03:44:48 +0000] "GET /workers HTTP/1.1" 200 110398 "http://54.166.77.239:5000/workers" "Mozilla/5.0 (Macintosh; Intel Mac OS X 10_15_1) AppleWebKit/537.36 (KHTML, like Gecko) Chrome/78.0.3904.70 Safari/537.36"
209.17.96.10 - - [09/Nov/2019:05:05:37 +0000] "GET / HTTP/1.0" 302 223 "-" "Mozilla/5.0 (compatible; Nimbostratus-Bot/v1.3.2; http://cloudsystemnetworks.com)"
99.230.244.80 - - [09/Nov/2019:05:45:46 +0000] "GET /workers HTTP/1.1" 200 93846 "http://54.166.77.239:5000/workers" "Mozilla/5.0 (Macintosh; Intel Mac OS X 10_15_1) AppleWebKit/537.36 (KHTML, like Gecko) Chrome/78.0.3904.70 Safari/537.36"
196.52.43.95 - - [09/Nov/2019:07:19:26 +0000] "GET / HTTP/1.0" 302 223 "-" "Mozilla/5.0 (X11; Linux x86_64) AppleWebKit/537.36 (KHTML, like Gecko) Chrome/72.0.3602.2 Safari/537.36"
99.230.244.80 - - [09/Nov/2019:12:46:32 +0000] "GET /workers HTTP/1.1" 200 114922 "http://54.166.77.239:5000/workers" "Mozilla/5.0 (Macintosh; Intel Mac OS X 10_15_1) AppleWebKit/537.36 (KHTML, like Gecko) Chrome/78.0.3904.70 Safari/537.36"
138.51.248.248 - - [10/Nov/2019:02:14:33 +0000] "GET / HTTP/1.1" 302 223 "-" "Mozilla/5.0 (Macintosh; Intel Mac OS X 10_15_1) AppleWebKit/537.36 (KHTML, like Gecko) Chrome/78.0.3904.70 Safari/537.36"
138.51.248.248 - - [10/Nov/2019:02:14:35 +0000] "GET /workers HTTP/1.1" 200 94634 "-" "Mozilla/5.0 (Macintosh; Intel Mac OS X 10_15_1) AppleWebKit/537.36 (KHTML, like Gecko) Chrome/78.0.3904.70 Safari/537.36"
138.51.248.248 - - [10/Nov/2019:02:14:35 +0000] "GET /static/styles/main.css HTTP/1.1" 304 0 "http://54.166.77.239:5000/workers" "Mozilla/5.0 (Macintosh; Intel Mac OS X 10_15_1) AppleWebKit/537.36 (KHTML, like Gecko) Chrome/78.0.3904.70 Safari/537.36"
138.51.248.248 - - [10/Nov/2019:02:14:47 +0000] "GET /static/js/main.js HTTP/1.1" 304 0 "http://54.166.77.239:5000/workers" "Mozilla/5.0 (Macintosh; Intel Mac OS X 10_15_1) AppleWebKit/537.36 (KHTML, like Gecko) Chrome/78.0.3904.70 Safari/537.36"
138.51.248.248 - - [10/Nov/2019:02:15:51 +0000] "GET /workers HTTP/1.1" 200 91090 "http://54.166.77.239:5000/workers" "Mozilla/5.0 (Macintosh; Intel Mac OS X 10_15_1) AppleWebKit/537.36 (KHTML, like Gecko) Chrome/78.0.3904.70 Safari/537.36"
138.51.248.248 - - [10/Nov/2019:02:16:54 +0000] "GET /workers HTTP/1.1" 200 99422 "http://54.166.77.239:5000/workers" "Mozilla/5.0 (Macintosh; Intel Mac OS X 10_15_1) AppleWebKit/537.36 (KHTML, like Gecko) Chrome/78.0.3904.70 Safari/537.36"
209.17.96.106 - - [10/Nov/2019:02:59:17 +0000] "GET / HTTP/1.0" 302 223 "-" "Mozilla/5.0 (compatible; Nimbostratus-Bot/v1.3.2; http://cloudsystemnetworks.com)"
99.230.244.80 - - [10/Nov/2019:17:20:53 +0000] "GET /workers HTTP/1.1" 200 85086 "-" "Mozilla/5.0 (Macintosh; Intel Mac OS X 10_15_1) AppleWebKit/537.36 (KHTML, like Gecko) Chrome/78.0.3904.70 Safari/537.36"
99.230.244.80 - - [10/Nov/2019:17:20:54 +0000] "GET /static/styles/main.css HTTP/1.1" 304 0 "http://54.166.77.239:5000/workers" "Mozilla/5.0 (Macintosh; Intel Mac OS X 10_15_1) AppleWebKit/537.36 (KHTML, like Gecko) Chrome/78.0.3904.70 Safari/537.36"
99.230.244.80 - - [10/Nov/2019:17:20:54 +0000] "GET /static/js/main.js HTTP/1.1" 304 0 "http://54.166.77.239:5000/workers" "Mozilla/5.0 (Macintosh; Intel Mac OS X 10_15_1) AppleWebKit/537.36 (KHTML, like Gecko) Chrome/78.0.3904.70 Safari/537.36"
99.230.244.80 - - [10/Nov/2019:17:21:56 +0000] "GET /workers HTTP/1.1" 200 84134 "http://54.166.77.239:5000/workers" "Mozilla/5.0 (Macintosh; Intel Mac OS X 10_15_1) AppleWebKit/537.36 (KHTML, like Gecko) Chrome/78.0.3904.70 Safari/537.36"
99.230.244.80 - - [10/Nov/2019:17:22:59 +0000] "GET /workers HTTP/1.1" 200 92410 "http://54.166.77.239:5000/workers" "Mozilla/5.0 (Macintosh; Intel Mac OS X 10_15_1) AppleWebKit/537.36 (KHTML, like Gecko) Chrome/78.0.3904.70 Safari/537.36"
99.230.244.80 - - [10/Nov/2019:17:24:02 +0000] "GET /workers HTTP/1.1" 200 88626 "http://54.166.77.239:5000/workers" "Mozilla/5.0 (Macintosh; Intel Mac OS X 10_15_1) AppleWebKit/537.36 (KHTML, like Gecko) Chrome/78.0.3904.70 Safari/537.36"
99.230.244.80 - - [10/Nov/2019:17:25:05 +0000] "GET /workers HTTP/1.1" 200 92154 "http://54.166.77.239:5000/workers" "Mozilla/5.0 (Macintosh; Intel Mac OS X 10_15_1) AppleWebKit/537.36 (KHTML, like Gecko) Chrome/78.0.3904.70 Safari/537.36"
99.230.244.80 - - [10/Nov/2019:17:26:08 +0000] "GET /workers HTTP/1.1" 200 92702 "http://54.166.77.239:5000/workers" "Mozilla/5.0 (Macintosh; Intel Mac OS X 10_15_1) AppleWebKit/537.36 (KHTML, like Gecko) Chrome/78.0.3904.70 Safari/537.36"
72.140.88.31 - - [10/Nov/2019:17:58:04 +0000] "GET / HTTP/1.1" 302 223 "-" "Mozilla/5.0 (Macintosh; Intel Mac OS X 10_14_6) AppleWebKit/537.36 (KHTML, like Gecko) Chrome/78.0.3904.70 Safari/537.36"
72.140.88.31 - - [10/Nov/2019:17:58:06 +0000] "GET /workers HTTP/1.1" 200 98106 "-" "Mozilla/5.0 (Macintosh; Intel Mac OS X 10_14_6) AppleWebKit/537.36 (KHTML, like Gecko) Chrome/78.0.3904.70 Safari/537.36"
72.140.88.31 - - [10/Nov/2019:17:58:06 +0000] "GET /static/styles/main.css HTTP/1.1" 200 0 "http://54.166.77.239:5000/workers" "Mozilla/5.0 (Macintosh; Intel Mac OS X 10_14_6) AppleWebKit/537.36 (KHTML, like Gecko) Chrome/78.0.3904.70 Safari/537.36"
72.140.88.31 - - [10/Nov/2019:17:58:07 +0000] "GET /static/js/main.js HTTP/1.1" 200 0 "http://54.166.77.239:5000/workers" "Mozilla/5.0 (Macintosh; Intel Mac OS X 10_14_6) AppleWebKit/537.36 (KHTML, like Gecko) Chrome/78.0.3904.70 Safari/537.36"
72.140.88.31 - - [10/Nov/2019:17:58:07 +0000] "GET /favicon.ico HTTP/1.1" 404 233 "http://54.166.77.239:5000/workers" "Mozilla/5.0 (Macintosh; Intel Mac OS X 10_14_6) AppleWebKit/537.36 (KHTML, like Gecko) Chrome/78.0.3904.70 Safari/537.36"
72.140.88.31 - - [10/Nov/2019:17:58:10 +0000] "GET /workers/management HTTP/1.1" 200 7879 "http://54.166.77.239:5000/workers" "Mozilla/5.0 (Macintosh; Intel Mac OS X 10_14_6) AppleWebKit/537.36 (KHTML, like Gecko) Chrome/78.0.3904.70 Safari/537.36"
72.140.88.31 - - [10/Nov/2019:17:58:17 +0000] "GET /workers/clear_s3 HTTP/1.1" 302 341 "http://54.166.77.239:5000/workers/management" "Mozilla/5.0 (Macintosh; Intel Mac OS X 10_14_6) AppleWebKit/537.36 (KHTML, like Gecko) Chrome/78.0.3904.70 Safari/537.36"
72.140.88.31 - - [10/Nov/2019:17:58:17 +0000] "GET /workers/management?error=There+is+no+application+data+to+delete%21 HTTP/1.1" 200 8182 "http://54.166.77.239:5000/workers/management" "Mozilla/5.0 (Macintosh; Intel Mac OS X 10_14_6) AppleWebKit/537.36 (KHTML, like Gecko) Chrome/78.0.3904.70 Safari/537.36"
72.140.88.31 - - [10/Nov/2019:17:58:38 +0000] "GET /workers HTTP/1.1" 200 99798 "http://54.166.77.239:5000/workers/management?error=There+is+no+application+data+to+delete%21" "Mozilla/5.0 (Macintosh; Intel Mac OS X 10_14_6) AppleWebKit/537.36 (KHTML, like Gecko) Chrome/78.0.3904.70 Safari/537.36"
72.140.88.31 - - [10/Nov/2019:17:58:45 +0000] "GET /workers/management HTTP/1.1" 200 7879 "http://54.166.77.239:5000/workers" "Mozilla/5.0 (Macintosh; Intel Mac OS X 10_14_6) AppleWebKit/537.36 (KHTML, like Gecko) Chrome/78.0.3904.70 Safari/537.36"
209.17.96.242 - - [10/Nov/2019:18:08:18 +0000] "GET / HTTP/1.0" 302 223 "-" "Mozilla/5.0 (compatible; Nimbostratus-Bot/v1.3.2; http://cloudsystemnetworks.com)"
138.51.250.141 - - [10/Nov/2019:18:11:06 +0000] "GET /workers HTTP/1.1" 200 100186 "http://54.166.77.239:5000/workers" "Mozilla/5.0 (Macintosh; Intel Mac OS X 10_15_1) AppleWebKit/537.36 (KHTML, like Gecko) Chrome/78.0.3904.70 Safari/537.36"
138.51.250.141 - - [10/Nov/2019:18:12:09 +0000] "GET /workers HTTP/1.1" 200 101906 "http://54.166.77.239:5000/workers" "Mozilla/5.0 (Macintosh; Intel Mac OS X 10_15_1) AppleWebKit/537.36 (KHTML, like Gecko) Chrome/78.0.3904.70 Safari/537.36"
122.228.19.80 - - [10/Nov/2019:18:12:45 +0000] "GET / HTTP/1.1" 302 223 "-" "Mozilla/5.0 (Macintosh; Intel Mac OS X 10.11; rv:47.0) Gecko/20100101 Firefox/47.0"
138.51.250.141 - - [10/Nov/2019:18:13:12 +0000] "GET /workers HTTP/1.1" 200 101190 "http://54.166.77.239:5000/workers" "Mozilla/5.0 (Macintosh; Intel Mac OS X 10_15_1) AppleWebKit/537.36 (KHTML, like Gecko) Chrome/78.0.3904.70 Safari/537.36"
138.51.250.141 - - [10/Nov/2019:18:14:15 +0000] "GET /workers HTTP/1.1" 200 99050 "http://54.166.77.239:5000/workers" "Mozilla/5.0 (Macintosh; Intel Mac OS X 10_15_1) AppleWebKit/537.36 (KHTML, like Gecko) Chrome/78.0.3904.70 Safari/537.36"
138.51.250.141 - - [10/Nov/2019:18:15:18 +0000] "GET /workers HTTP/1.1" 200 102830 "http://54.166.77.239:5000/workers" "Mozilla/5.0 (Macintosh; Intel Mac OS X 10_15_1) AppleWebKit/537.36 (KHTML, like Gecko) Chrome/78.0.3904.70 Safari/537.36"
138.51.250.141 - - [10/Nov/2019:18:16:21 +0000] "GET /workers HTTP/1.1" 200 104470 "http://54.166.77.239:5000/workers" "Mozilla/5.0 (Macintosh; Intel Mac OS X 10_15_1) AppleWebKit/537.36 (KHTML, like Gecko) Chrome/78.0.3904.70 Safari/537.36"
138.51.250.141 - - [10/Nov/2019:18:17:24 +0000] "GET /workers HTTP/1.1" 200 103234 "http://54.166.77.239:5000/workers" "Mozilla/5.0 (Macintosh; Intel Mac OS X 10_15_1) AppleWebKit/537.36 (KHTML, like Gecko) Chrome/78.0.3904.70 Safari/537.36"
138.51.250.141 - - [10/Nov/2019:18:18:28 +0000] "GET /workers HTTP/1.1" 200 99230 "http://54.166.77.239:5000/workers" "Mozilla/5.0 (Macintosh; Intel Mac OS X 10_15_1) AppleWebKit/537.36 (KHTML, like Gecko) Chrome/78.0.3904.70 Safari/537.36"
138.51.250.141 - - [10/Nov/2019:18:19:31 +0000] "GET /workers HTTP/1.1" 200 99374 "http://54.166.77.239:5000/workers" "Mozilla/5.0 (Macintosh; Intel Mac OS X 10_15_1) AppleWebKit/537.36 (KHTML, like Gecko) Chrome/78.0.3904.70 Safari/537.36"
138.51.250.141 - - [10/Nov/2019:18:20:34 +0000] "GET /workers HTTP/1.1" 200 100926 "http://54.166.77.239:5000/workers" "Mozilla/5.0 (Macintosh; Intel Mac OS X 10_15_1) AppleWebKit/537.36 (KHTML, like Gecko) Chrome/78.0.3904.70 Safari/537.36"
138.51.250.141 - - [10/Nov/2019:18:21:37 +0000] "GET /workers HTTP/1.1" 200 102190 "http://54.166.77.239:5000/workers" "Mozilla/5.0 (Macintosh; Intel Mac OS X 10_15_1) AppleWebKit/537.36 (KHTML, like Gecko) Chrome/78.0.3904.70 Safari/537.36"
138.51.250.141 - - [10/Nov/2019:18:22:40 +0000] "GET /workers HTTP/1.1" 200 99682 "http://54.166.77.239:5000/workers" "Mozilla/5.0 (Macintosh; Intel Mac OS X 10_15_1) AppleWebKit/537.36 (KHTML, like Gecko) Chrome/78.0.3904.70 Safari/537.36"
138.51.250.141 - - [10/Nov/2019:18:23:45 +0000] "GET /workers HTTP/1.1" 200 97886 "http://54.166.77.239:5000/workers" "Mozilla/5.0 (Macintosh; Intel Mac OS X 10_15_1) AppleWebKit/537.36 (KHTML, like Gecko) Chrome/78.0.3904.70 Safari/537.36"
138.51.250.141 - - [10/Nov/2019:18:24:48 +0000] "GET /workers HTTP/1.1" 200 99786 "http://54.166.77.239:5000/workers" "Mozilla/5.0 (Macintosh; Intel Mac OS X 10_15_1) AppleWebKit/537.36 (KHTML, like Gecko) Chrome/78.0.3904.70 Safari/537.36"
138.51.250.141 - - [10/Nov/2019:18:25:52 +0000] "GET /workers HTTP/1.1" 200 100758 "http://54.166.77.239:5000/workers" "Mozilla/5.0 (Macintosh; Intel Mac OS X 10_15_1) AppleWebKit/537.36 (KHTML, like Gecko) Chrome/78.0.3904.70 Safari/537.36"
138.51.250.141 - - [10/Nov/2019:18:26:55 +0000] "GET /workers HTTP/1.1" 200 99886 "http://54.166.77.239:5000/workers" "Mozilla/5.0 (Macintosh; Intel Mac OS X 10_15_1) AppleWebKit/537.36 (KHTML, like Gecko) Chrome/78.0.3904.70 Safari/537.36"
138.51.250.141 - - [10/Nov/2019:18:27:58 +0000] "GET /workers HTTP/1.1" 200 99978 "http://54.166.77.239:5000/workers" "Mozilla/5.0 (Macintosh; Intel Mac OS X 10_15_1) AppleWebKit/537.36 (KHTML, like Gecko) Chrome/78.0.3904.70 Safari/537.36"
138.51.250.141 - - [10/Nov/2019:18:29:01 +0000] "GET /workers HTTP/1.1" 200 103722 "http://54.166.77.239:5000/workers" "Mozilla/5.0 (Macintosh; Intel Mac OS X 10_15_1) AppleWebKit/537.36 (KHTML, like Gecko) Chrome/78.0.3904.70 Safari/537.36"
138.51.250.141 - - [10/Nov/2019:18:29:07 +0000] "GET /workers HTTP/1.1" 200 102398 "-" "Mozilla/5.0 (Macintosh; Intel Mac OS X 10_15_1) AppleWebKit/537.36 (KHTML, like Gecko) Chrome/78.0.3904.70 Safari/537.36"
72.140.88.31 - - [10/Nov/2019:19:35:01 +0000] "GET /workers/management HTTP/1.1" 200 7879 "http://54.166.77.239:5000/workers/management" "Mozilla/5.0 (Macintosh; Intel Mac OS X 10_14_6) AppleWebKit/537.36 (KHTML, like Gecko) Chrome/78.0.3904.70 Safari/537.36"
138.51.121.132 - - [11/Nov/2019:17:32:53 +0000] "GET / HTTP/1.1" 302 223 "-" "Mozilla/5.0 (Macintosh; Intel Mac OS X 10_15_1) AppleWebKit/537.36 (KHTML, like Gecko) Chrome/78.0.3904.87 Safari/537.36"
138.51.121.132 - - [11/Nov/2019:17:32:54 +0000] "GET /workers HTTP/1.1" 200 62902 "-" "Mozilla/5.0 (Macintosh; Intel Mac OS X 10_15_1) AppleWebKit/537.36 (KHTML, like Gecko) Chrome/78.0.3904.87 Safari/537.36"
138.51.121.132 - - [11/Nov/2019:17:32:55 +0000] "GET /static/styles/main.css HTTP/1.1" 200 0 "http://54.173.143.153:5000/workers" "Mozilla/5.0 (Macintosh; Intel Mac OS X 10_15_1) AppleWebKit/537.36 (KHTML, like Gecko) Chrome/78.0.3904.87 Safari/537.36"
138.51.121.132 - - [11/Nov/2019:17:32:55 +0000] "GET /static/js/main.js HTTP/1.1" 200 0 "http://54.173.143.153:5000/workers" "Mozilla/5.0 (Macintosh; Intel Mac OS X 10_15_1) AppleWebKit/537.36 (KHTML, like Gecko) Chrome/78.0.3904.87 Safari/537.36"
138.51.121.132 - - [11/Nov/2019:17:32:56 +0000] "GET /favicon.ico HTTP/1.1" 404 233 "http://54.173.143.153:5000/workers" "Mozilla/5.0 (Macintosh; Intel Mac OS X 10_15_1) AppleWebKit/537.36 (KHTML, like Gecko) Chrome/78.0.3904.87 Safari/537.36"
138.51.121.132 - - [11/Nov/2019:17:35:17 +0000] "GET / HTTP/1.1" 302 223 "-" "Mozilla/5.0 (Macintosh; Intel Mac OS X 10_15_1) AppleWebKit/537.36 (KHTML, like Gecko) Chrome/78.0.3904.87 Safari/537.36"
138.51.121.132 - - [11/Nov/2019:17:35:19 +0000] "GET /workers HTTP/1.1" 200 81970 "-" "Mozilla/5.0 (Macintosh; Intel Mac OS X 10_15_1) AppleWebKit/537.36 (KHTML, like Gecko) Chrome/78.0.3904.87 Safari/537.36"
138.51.121.132 - - [11/Nov/2019:17:35:25 +0000] "GET /workers/management HTTP/1.1" 200 7879 "http://54.173.143.153:5000/workers" "Mozilla/5.0 (Macintosh; Intel Mac OS X 10_15_1) AppleWebKit/537.36 (KHTML, like Gecko) Chrome/78.0.3904.87 Safari/537.36"
138.51.121.132 - - [11/Nov/2019:17:35:42 +0000] "GET /workers/stop_manager HTTP/1.1" 302 343 "http://54.173.143.153:5000/workers/management" "Mozilla/5.0 (Macintosh; Intel Mac OS X 10_15_1) AppleWebKit/537.36 (KHTML, like Gecko) Chrome/78.0.3904.87 Safari/537.36"
138.51.121.132 - - [11/Nov/2019:17:35:42 +0000] "GET /workers/management?message=Manager+has+been+stopped+successfully%21 HTTP/1.1" 200 8181 "http://54.173.143.153:5000/workers/management" "Mozilla/5.0 (Macintosh; Intel Mac OS X 10_15_1) AppleWebKit/537.36 (KHTML, like Gecko) Chrome/78.0.3904.87 Safari/537.36"
138.51.112.197 - - [13/Nov/2019:02:07:25 +0000] "GET / HTTP/1.1" 302 223 "-" "Mozilla/5.0 (Macintosh; Intel Mac OS X 10_15_1) AppleWebKit/537.36 (KHTML, like Gecko) Chrome/78.0.3904.87 Safari/537.36"
138.51.112.197 - - [13/Nov/2019:02:07:27 +0000] "GET /workers HTTP/1.1" 200 86186 "-" "Mozilla/5.0 (Macintosh; Intel Mac OS X 10_15_1) AppleWebKit/537.36 (KHTML, like Gecko) Chrome/78.0.3904.87 Safari/537.36"
138.51.112.197 - - [13/Nov/2019:02:07:28 +0000] "GET /static/styles/main.css HTTP/1.1" 200 0 "http://3.86.153.109:5000/workers" "Mozilla/5.0 (Macintosh; Intel Mac OS X 10_15_1) AppleWebKit/537.36 (KHTML, like Gecko) Chrome/78.0.3904.87 Safari/537.36"
138.51.112.197 - - [13/Nov/2019:02:07:29 +0000] "GET /static/js/main.js HTTP/1.1" 200 0 "http://3.86.153.109:5000/workers" "Mozilla/5.0 (Macintosh; Intel Mac OS X 10_15_1) AppleWebKit/537.36 (KHTML, like Gecko) Chrome/78.0.3904.87 Safari/537.36"
138.51.112.197 - - [13/Nov/2019:02:07:29 +0000] "GET /favicon.ico HTTP/1.1" 404 233 "http://3.86.153.109:5000/workers" "Mozilla/5.0 (Macintosh; Intel Mac OS X 10_15_1) AppleWebKit/537.36 (KHTML, like Gecko) Chrome/78.0.3904.87 Safari/537.36"
138.51.112.197 - - [13/Nov/2019:02:07:32 +0000] "GET /workers/management HTTP/1.1" 200 7879 "http://3.86.153.109:5000/workers" "Mozilla/5.0 (Macintosh; Intel Mac OS X 10_15_1) AppleWebKit/537.36 (KHTML, like Gecko) Chrome/78.0.3904.87 Safari/537.36"
138.51.112.197 - - [13/Nov/2019:02:07:37 +0000] "GET /workers/clear_s3 HTTP/1.1" 500 0 "-" "-"
138.51.112.197 - - [13/Nov/2019:02:07:42 +0000] "GET /workers/management HTTP/1.1" 200 7879 "http://3.86.153.109:5000/workers" "Mozilla/5.0 (Macintosh; Intel Mac OS X 10_15_1) AppleWebKit/537.36 (KHTML, like Gecko) Chrome/78.0.3904.87 Safari/537.36"
138.51.112.197 - - [13/Nov/2019:02:07:44 +0000] "GET /workers/clear_s3 HTTP/1.1" 500 0 "-" "-"
138.51.112.197 - - [13/Nov/2019:02:07:48 +0000] "GET /workers/clear_s3 HTTP/1.1" 500 0 "-" "-"
59.37.97.55 - - [13/Nov/2019:02:08:50 +0000] "GET /workers/management HTTP/1.0" 200 7879 "-" "Mozilla/5.0 (iPhone; CPU iPhone OS 8_3 like Mac OS X) AppleWebKit/600.1.4 (KHTML; like Gecko) Mobile/12F70 MicroMessenger/6.1.5 NetType/WIFI"
72.140.88.31 - - [13/Nov/2019:02:08:59 +0000] "GET /workers/management?nsukey=ZxJRqX%2FOoS8%2F8smt4wJkUNW57OzmFcWmu6wG0dukcKxhw0D0p2SuSV2FLzyg4SWqK2NAJYJu4XYBOupxxdQ9rPET%2BNNHusm9493cILFuNGhEvZpVjix9ioaJ4kB67XdMzEZvIK7jG4Qs%2BerSLbC35G35JnOV1PYv%2FZISH0a8Wu50zI5ML%2Brk%2BCH1w1jMDCmXyR866tJ6FEflNn2NPPrzFA%3D%3D HTTP/1.1" 200 7879 "-" "Mozilla/5.0 (Macintosh; Intel Mac OS X 10_14_6) AppleWebKit/537.36 (KHTML, like Gecko) Chrome/78.0.3904.70 Safari/537.36"
72.140.88.31 - - [13/Nov/2019:02:08:59 +0000] "GET /workers/management?nsukey=ZxJRqX%2FOoS8%2F8smt4wJkUNW57OzmFcWmu6wG0dukcKxhw0D0p2SuSV2FLzyg4SWqK2NAJYJu4XYBOupxxdQ9rPET%2BNNHusm9493cILFuNGhEvZpVjix9ioaJ4kB67XdMzEZvIK7jG4Qs%2BerSLbC35G35JnOV1PYv%2FZISH0a8Wu50zI5ML%2Brk%2BCH1w1jMDCmXyR866tJ6FEflNn2NPPrzFA%3D%3D HTTP/1.1" 200 7879 "-" "Mozilla/5.0 (Macintosh; Intel Mac OS X 10_14_6) AppleWebKit/537.36 (KHTML, like Gecko) Chrome/78.0.3904.70 Safari/537.36"
72.140.88.31 - - [13/Nov/2019:02:08:59 +0000] "GET /static/styles/main.css HTTP/1.1" 200 0 "http://3.86.153.109:5000/workers/management?nsukey=ZxJRqX%2FOoS8%2F8smt4wJkUNW57OzmFcWmu6wG0dukcKxhw0D0p2SuSV2FLzyg4SWqK2NAJYJu4XYBOupxxdQ9rPET%2BNNHusm9493cILFuNGhEvZpVjix9ioaJ4kB67XdMzEZvIK7jG4Qs%2BerSLbC35G35JnOV1PYv%2FZISH0a8Wu50zI5ML%2Brk%2BCH1w1jMDCmXyR866tJ6FEflNn2NPPrzFA%3D%3D" "Mozilla/5.0 (Macintosh; Intel Mac OS X 10_14_6) AppleWebKit/537.36 (KHTML, like Gecko) Chrome/78.0.3904.70 Safari/537.36"
72.140.88.31 - - [13/Nov/2019:02:08:59 +0000] "GET /static/js/main.js HTTP/1.1" 200 0 "http://3.86.153.109:5000/workers/management?nsukey=ZxJRqX%2FOoS8%2F8smt4wJkUNW57OzmFcWmu6wG0dukcKxhw0D0p2SuSV2FLzyg4SWqK2NAJYJu4XYBOupxxdQ9rPET%2BNNHusm9493cILFuNGhEvZpVjix9ioaJ4kB67XdMzEZvIK7jG4Qs%2BerSLbC35G35JnOV1PYv%2FZISH0a8Wu50zI5ML%2Brk%2BCH1w1jMDCmXyR866tJ6FEflNn2NPPrzFA%3D%3D" "Mozilla/5.0 (Macintosh; Intel Mac OS X 10_14_6) AppleWebKit/537.36 (KHTML, like Gecko) Chrome/78.0.3904.70 Safari/537.36"
72.140.88.31 - - [13/Nov/2019:02:09:00 +0000] "GET /favicon.ico HTTP/1.1" 404 233 "http://3.86.153.109:5000/workers/management?nsukey=ZxJRqX%2FOoS8%2F8smt4wJkUNW57OzmFcWmu6wG0dukcKxhw0D0p2SuSV2FLzyg4SWqK2NAJYJu4XYBOupxxdQ9rPET%2BNNHusm9493cILFuNGhEvZpVjix9ioaJ4kB67XdMzEZvIK7jG4Qs%2BerSLbC35G35JnOV1PYv%2FZISH0a8Wu50zI5ML%2Brk%2BCH1w1jMDCmXyR866tJ6FEflNn2NPPrzFA%3D%3D" "Mozilla/5.0 (Macintosh; Intel Mac OS X 10_14_6) AppleWebKit/537.36 (KHTML, like Gecko) Chrome/78.0.3904.70 Safari/537.36"
72.140.88.31 - - [13/Nov/2019:02:09:03 +0000] "GET /workers/clear_s3 HTTP/1.1" 500 0 "-" "-"
138.51.112.197 - - [13/Nov/2019:02:09:23 +0000] "GET /workers/management HTTP/1.1" 200 7879 "-" "Mozilla/5.0 (Macintosh; Intel Mac OS X 10_15_1) AppleWebKit/605.1.15 (KHTML, like Gecko) Version/13.0.3 Safari/605.1.15"
72.140.88.31 - - [13/Nov/2019:02:09:33 +0000] "GET /workers/m HTTP/1.1" 404 233 "-" "Mozilla/5.0 (Macintosh; Intel Mac OS X 10_14_6) AppleWebKit/537.36 (KHTML, like Gecko) Chrome/78.0.3904.70 Safari/537.36"
72.140.88.31 - - [13/Nov/2019:02:09:33 +0000] "GET /workers/management?nsukey=ZxJRqX%2FOoS8%2F8smt4wJkUNW57OzmFcWmu6wG0dukcKxhw0D0p2SuSV2FLzyg4SWqK2NAJYJu4XYBOupxxdQ9rPET%2BNNHusm9493cILFuNGhEvZpVjix9ioaJ4kB67XdMzEZvIK7jG4Qs%2BerSLbC35G35JnOV1PYv%2FZISH0a8Wu50zI5ML%2Brk%2BCH1w1jMDCmXyR866tJ6FEflNn2NPPrzFA%3D%3D HTTP/1.1" 200 7879 "-" "Mozilla/5.0 (Macintosh; Intel Mac OS X 10_14_6) AppleWebKit/537.36 (KHTML, like Gecko) Chrome/78.0.3904.70 Safari/537.36"
138.51.112.197 - - [13/Nov/2019:02:09:33 +0000] "GET /static/styles/main.css HTTP/1.1" 200 0 "http://3.86.153.109:5000/workers/management" "Mozilla/5.0 (Macintosh; Intel Mac OS X 10_15_1) AppleWebKit/605.1.15 (KHTML, like Gecko) Version/13.0.3 Safari/605.1.15"
138.51.112.197 - - [13/Nov/2019:02:09:33 +0000] "GET /static/js/main.js HTTP/1.1" 200 0 "http://3.86.153.109:5000/workers/management" "Mozilla/5.0 (Macintosh; Intel Mac OS X 10_15_1) AppleWebKit/605.1.15 (KHTML, like Gecko) Version/13.0.3 Safari/605.1.15"
138.51.112.197 - - [13/Nov/2019:02:09:33 +0000] "GET / HTTP/1.1" 302 223 "-" "Mozilla/5.0 (Macintosh; Intel Mac OS X 10_15_1) AppleWebKit/605.1.15 (KHTML, like Gecko) Version/13.0.3 Safari/605.1.15"
72.140.88.31 - - [13/Nov/2019:02:09:49 +0000] "GET /workers HTTP/1.1" 200 91794 "-" "Mozilla/5.0 (Macintosh; Intel Mac OS X 10_14_6) AppleWebKit/537.36 (KHTML, like Gecko) Chrome/78.0.3904.70 Safari/537.36"
72.140.88.31 - - [13/Nov/2019:02:09:52 +0000] "GET /workers/management HTTP/1.1" 200 7879 "http://3.86.153.109:5000/workers" "Mozilla/5.0 (Macintosh; Intel Mac OS X 10_14_6) AppleWebKit/537.36 (KHTML, like Gecko) Chrome/78.0.3904.70 Safari/537.36"
101.89.239.232 - - [13/Nov/2019:02:09:52 +0000] "GET /workers/management HTTP/1.1" 200 7879 "-" "Mozilla/5.0 (Linux; Android 5.1.1; SM801 Build/LMY47V; wv) AppleWebKit/537.36 (KHTML, like Gecko) Version/4.0 Chrome/53.0.2785.49 Mobile MQQBrowser/6.2 TBS/043024 Safari/537.36 MicroMessenger/6.5.4.1000 NetType/4G Language/zh_CN"
138.51.112.197 - - [13/Nov/2019:02:09:53 +0000] "GET /workers HTTP/1.1" 200 91794 "http://3.86.153.109:5000/workers/management" "Mozilla/5.0 (Macintosh; Intel Mac OS X 10_15_1) AppleWebKit/537.36 (KHTML, like Gecko) Chrome/78.0.3904.87 Safari/537.36"
72.140.88.31 - - [13/Nov/2019:02:09:56 +0000] "GET /workers/clear_s3 HTTP/1.1" 500 0 "-" "-"
101.89.239.232 - - [13/Nov/2019:02:09:56 +0000] "GET /static/js/main.js HTTP/1.1" 200 0 "http://3.86.153.109:5000/workers/management" "Mozilla/5.0 (Linux; Android 5.1.1; SM801 Build/LMY47V; wv) AppleWebKit/537.36 (KHTML, like Gecko) Version/4.0 Chrome/53.0.2785.49 Mobile MQQBrowser/6.2 TBS/043024 Safari/537.36 MicroMessenger/6.5.4.1000 NetType/4G Language/zh_CN"
138.51.112.197 - - [13/Nov/2019:02:09:56 +0000] "GET /workers/management HTTP/1.1" 200 7879 "http://3.86.153.109:5000/workers" "Mozilla/5.0 (Macintosh; Intel Mac OS X 10_15_1) AppleWebKit/537.36 (KHTML, like Gecko) Chrome/78.0.3904.87 Safari/537.36"
138.51.112.197 - - [13/Nov/2019:02:10:48 +0000] "GET /workers HTTP/1.1" 200 92358 "-" "Mozilla/5.0 (Macintosh; Intel Mac OS X 10_15_1) AppleWebKit/537.36 (KHTML, like Gecko) Chrome/78.0.3904.87 Safari/537.36"
138.51.112.197 - - [13/Nov/2019:02:10:50 +0000] "GET /workers/management HTTP/1.1" 200 7879 "http://3.86.153.109:5000/workers" "Mozilla/5.0 (Macintosh; Intel Mac OS X 10_15_1) AppleWebKit/537.36 (KHTML, like Gecko) Chrome/78.0.3904.87 Safari/537.36"
138.51.112.197 - - [13/Nov/2019:02:10:52 +0000] "GET /workers HTTP/1.1" 200 92358 "http://3.86.153.109:5000/workers/management" "Mozilla/5.0 (Macintosh; Intel Mac OS X 10_15_1) AppleWebKit/537.36 (KHTML, like Gecko) Chrome/78.0.3904.87 Safari/537.36"
138.51.112.197 - - [13/Nov/2019:02:10:54 +0000] "GET /workers/management HTTP/1.1" 200 7879 "http://3.86.153.109:5000/workers" "Mozilla/5.0 (Macintosh; Intel Mac OS X 10_15_1) AppleWebKit/537.36 (KHTML, like Gecko) Chrome/78.0.3904.87 Safari/537.36"
127.0.0.1 - - [13/Nov/2019:02:12:10 +0000] "GET /sections HTTP/1.1" 404 233 "-" "Mozilla/5.0 (X11; Ubuntu; Linux x86_64; rv:51.0) Gecko/20100101 Firefox/51.0"
127.0.0.1 - - [13/Nov/2019:02:12:11 +0000] "GET /favicon.ico HTTP/1.1" 404 233 "-" "Mozilla/5.0 (X11; Ubuntu; Linux x86_64; rv:51.0) Gecko/20100101 Firefox/51.0"
127.0.0.1 - - [13/Nov/2019:02:12:28 +0000] "GET / HTTP/1.1" 302 223 "-" "Mozilla/5.0 (X11; Ubuntu; Linux x86_64; rv:51.0) Gecko/20100101 Firefox/51.0"
127.0.0.1 - - [13/Nov/2019:02:12:30 +0000] "GET /workers HTTP/1.1" 200 92842 "-" "Mozilla/5.0 (X11; Ubuntu; Linux x86_64; rv:51.0) Gecko/20100101 Firefox/51.0"
127.0.0.1 - - [13/Nov/2019:02:12:30 +0000] "GET /static/styles/main.css HTTP/1.1" 200 0 "http://0.0.0.0:5000/workers" "Mozilla/5.0 (X11; Ubuntu; Linux x86_64; rv:51.0) Gecko/20100101 Firefox/51.0"
127.0.0.1 - - [13/Nov/2019:02:12:30 +0000] "GET /static/js/main.js HTTP/1.1" 200 0 "http://0.0.0.0:5000/workers" "Mozilla/5.0 (X11; Ubuntu; Linux x86_64; rv:51.0) Gecko/20100101 Firefox/51.0"
127.0.0.1 - - [13/Nov/2019:02:12:30 +0000] "GET /favicon.ico HTTP/1.1" 404 233 "-" "Mozilla/5.0 (X11; Ubuntu; Linux x86_64; rv:51.0) Gecko/20100101 Firefox/51.0"
127.0.0.1 - - [13/Nov/2019:02:12:32 +0000] "GET /workers/management HTTP/1.1" 200 7879 "http://0.0.0.0:5000/workers" "Mozilla/5.0 (X11; Ubuntu; Linux x86_64; rv:51.0) Gecko/20100101 Firefox/51.0"
127.0.0.1 - - [13/Nov/2019:02:12:36 +0000] "GET /workers/clear_s3 HTTP/1.1" 500 0 "-" "-"
127.0.0.1 - - [13/Nov/2019:02:12:42 +0000] "GET / HTTP/1.1" 302 223 "-" "Mozilla/5.0 (X11; Ubuntu; Linux x86_64; rv:51.0) Gecko/20100101 Firefox/51.0"
127.0.0.1 - - [13/Nov/2019:02:12:44 +0000] "GET /workers HTTP/1.1" 200 97118 "-" "Mozilla/5.0 (X11; Ubuntu; Linux x86_64; rv:51.0) Gecko/20100101 Firefox/51.0"
127.0.0.1 - - [13/Nov/2019:02:12:48 +0000] "GET /workers/management HTTP/1.1" 200 7879 "http://0.0.0.0:5000/workers" "Mozilla/5.0 (X11; Ubuntu; Linux x86_64; rv:51.0) Gecko/20100101 Firefox/51.0"
127.0.0.1 - - [13/Nov/2019:02:12:53 +0000] "GET /workers/clear_s3 HTTP/1.1" 500 0 "-" "-"
138.51.112.197 - - [13/Nov/2019:02:21:27 +0000] "GET /workers HTTP/1.1" 200 114178 "http://3.86.153.109:5000/workers/management" "Mozilla/5.0 (Macintosh; Intel Mac OS X 10_15_1) AppleWebKit/537.36 (KHTML, like Gecko) Chrome/78.0.3904.87 Safari/537.36"
138.51.112.197 - - [13/Nov/2019:02:22:29 +0000] "GET /workers HTTP/1.1" 200 117818 "http://3.86.153.109:5000/workers" "Mozilla/5.0 (Macintosh; Intel Mac OS X 10_15_1) AppleWebKit/537.36 (KHTML, like Gecko) Chrome/78.0.3904.87 Safari/537.36"
138.51.112.197 - - [13/Nov/2019:02:23:31 +0000] "GET /workers HTTP/1.1" 200 118794 "http://3.86.153.109:5000/workers" "Mozilla/5.0 (Macintosh; Intel Mac OS X 10_15_1) AppleWebKit/537.36 (KHTML, like Gecko) Chrome/78.0.3904.87 Safari/537.36"
138.51.112.197 - - [13/Nov/2019:02:24:34 +0000] "GET /workers HTTP/1.1" 200 118406 "http://3.86.153.109:5000/workers" "Mozilla/5.0 (Macintosh; Intel Mac OS X 10_15_1) AppleWebKit/537.36 (KHTML, like Gecko) Chrome/78.0.3904.87 Safari/537.36"
138.51.112.197 - - [13/Nov/2019:02:25:28 +0000] "GET /workers/management HTTP/1.1" 200 7879 "http://3.86.153.109:5000/workers" "Mozilla/5.0 (Macintosh; Intel Mac OS X 10_15_1) AppleWebKit/537.36 (KHTML, like Gecko) Chrome/78.0.3904.87 Safari/537.36"
138.51.112.197 - - [13/Nov/2019:02:25:31 +0000] "GET /workers/clear_s3 HTTP/1.1" 500 0 "-" "-"
138.51.112.197 - - [13/Nov/2019:02:45:28 +0000] "GET /workers HTTP/1.1" 200 116058 "http://3.86.153.109:5000/workers/management" "Mozilla/5.0 (Macintosh; Intel Mac OS X 10_15_1) AppleWebKit/537.36 (KHTML, like Gecko) Chrome/78.0.3904.87 Safari/537.36"
138.51.112.197 - - [13/Nov/2019:02:46:26 +0000] "GET /workers/management HTTP/1.1" 200 7879 "http://3.86.153.109:5000/workers" "Mozilla/5.0 (Macintosh; Intel Mac OS X 10_15_1) AppleWebKit/537.36 (KHTML, like Gecko) Chrome/78.0.3904.87 Safari/537.36"
